// Jest Snapshot v1, https://goo.gl/fbAQLP

exports[`FilterField should render correctly 1`] = `
<WithStyles(ForwardRef(FormControl))
  className="makeStyles-filterField-1"
  margin="dense"
  variant="outlined"
>
  <WithStyles(ForwardRef(InputLabel))
    id="cost-label"
  >
    Cost
  </WithStyles(ForwardRef(InputLabel))>
  <WithStyles(ForwardRef(Select))
    label="Cost"
    labelId="cost-label"
    onChange={[Function]}
    value=""
  >
    <WithStyles(ForwardRef(MenuItem))
      value=""
    >
      -
    </WithStyles(ForwardRef(MenuItem))>
    <WithStyles(ForwardRef(MenuItem))
      key="1"
      value={1}
    >
      1
    </WithStyles(ForwardRef(MenuItem))>
    <WithStyles(ForwardRef(MenuItem))
      key="1.5"
      value={1.5}
    >
      1.5
    </WithStyles(ForwardRef(MenuItem))>
    <WithStyles(ForwardRef(MenuItem))
      key="2"
      value={2}
    >
      2
    </WithStyles(ForwardRef(MenuItem))>
    <WithStyles(ForwardRef(MenuItem))
      key="2.5"
      value={2.5}
    >
      2.5
    </WithStyles(ForwardRef(MenuItem))>
  </WithStyles(ForwardRef(Select))>
</WithStyles(ForwardRef(FormControl))>
`;

exports[`FilterField should render correctly when passing value other than '' 1`] = `
<WithStyles(ForwardRef(FormControl))
  className="makeStyles-filterField-1"
  margin="dense"
  variant="outlined"
>
  <WithStyles(ForwardRef(InputLabel))
    id="cost-label"
  >
    Cost
  </WithStyles(ForwardRef(InputLabel))>
  <WithStyles(ForwardRef(Select))
    label="Cost"
    labelId="cost-label"
    onChange={[Function]}
    value={1.5}
  >
    <WithStyles(ForwardRef(MenuItem))
      value=""
    >
      -
    </WithStyles(ForwardRef(MenuItem))>
    <WithStyles(ForwardRef(MenuItem))
      key="1"
      value={1}
    >
      1
    </WithStyles(ForwardRef(MenuItem))>
    <WithStyles(ForwardRef(MenuItem))
      key="1.5"
      value={1.5}
    >
      1.5
    </WithStyles(ForwardRef(MenuItem))>
    <WithStyles(ForwardRef(MenuItem))
      key="2"
      value={2}
    >
      2
    </WithStyles(ForwardRef(MenuItem))>
    <WithStyles(ForwardRef(MenuItem))
      key="2.5"
      value={2.5}
    >
      2.5
    </WithStyles(ForwardRef(MenuItem))>
  </WithStyles(ForwardRef(Select))>
</WithStyles(ForwardRef(FormControl))>
`;
